Initialized native services in: C:\Users\13779\.gradle\native
Initialized jansi services in: C:\Users\13779\.gradle\native
Removing daemon from the registry due to communication failure. Daemon information: DaemonInfo{pid=13396, address=[fa02f667-d1d8-4aff-a84b-f364a40caefe port:64575, addresses:[/127.0.0.1]], state=Idle, lastBusy=1782269571974, context=DefaultDaemonContext[uid=ce8090c5-dad5-422b-bae0-8920f760288e,javaHome=E:\New Folder,javaVersion=21,javaVendor=Oracle Corporation,daemonRegistryDir=C:\Users\13779\.gradle\daemon,pid=13396,idleTimeout=10800000,priority=NORMAL,applyInstrumentationAgent=true,nativeServicesMode=ENABLED,daemonOpts=-Xmx2048m,-Dfile.encoding=UTF-8,-Duser.country=CA,-Duser.language=en,-Duser.variant]}
Removing 3 daemon stop events from registry
Previous Daemon (4332) stopped at Tue Jun 23 22:05:45 EDT 2026 by user or operating system
Previous Daemon (23852) stopped at Tue Jun 23 22:06:48 EDT 2026 by user or operating system
Previous Daemon (20328) stopped at Tue Jun 23 22:10:34 EDT 2026 by user or operating system
Previous Daemon (13416) stopped at Tue Jun 23 22:17:27 EDT 2026 by user or operating system
Previous Daemon (3492) stopped at Tue Jun 23 22:24:02 EDT 2026 by user or operating system
Previous Daemon (1400) stopped at Tue Jun 23 22:25:24 EDT 2026 by user or operating system
Previous Daemon (10700) stopped at Tue Jun 23 22:36:15 EDT 2026 by user or operating system
Previous Daemon (10652) stopped at Tue Jun 23 22:43:16 EDT 2026 by user or operating system
Previous Daemon (1980) stopped at Tue Jun 23 22:48:31 EDT 2026 by user or operating system
Previous Daemon (4696) stopped at Tue Jun 23 22:49:26 EDT 2026 by user or operating system
Previous Daemon (21232) stopped at Tue Jun 23 22:49:56 EDT 2026 by user or operating system
Previous Daemon (28544) stopped at Tue Jun 23 22:50:47 EDT 2026 by user or operating system
Previous Daemon (16636) stopped at Tue Jun 23 22:51:57 EDT 2026 by user or operating system
Previous Daemon (7240) stopped at Tue Jun 23 22:52:46 EDT 2026 by user or operating system
Previous Daemon (13396) stopped at Tue Jun 23 23:01:43 EDT 2026 by user or operating system
Starting a Gradle Daemon, 1 incompatible and 15 stopped Daemons could not be reused, use --status for details
Starting process 'command 'C:\Program Files\Java\jdk-11\bin\java.exe''. Working directory: C:\Users\13779\.gradle\.tmp\tmp-jvm15240487852419643185probe Command: C:\Program Files\Java\jdk-11\bin\java.exe -Xmx32m -Xms32m -cp . JavaProbe
Starting process 'command 'C:\Program Files\Eclipse Adoptium\jdk-25.0.2.10-hotspot\bin\java.exe''. Working directory: C:\Users\13779\.gradle\.tmp\tmp-jvm12475410920108284615probe Command: C:\Program Files\Eclipse Adoptium\jdk-25.0.2.10-hotspot\bin\java.exe -Xmx32m -Xms32m -cp . JavaProbe
Starting process 'command 'E:\New Folder\bin\java.exe''. Working directory: C:\Users\13779\.gradle\.tmp\tmp-jvm7128307645361590385probe Command: E:\New Folder\bin\java.exe -Xmx32m -Xms32m -cp . JavaProbe
Successfully started process 'command 'C:\Program Files\Eclipse Adoptium\jdk-25.0.2.10-hotspot\bin\java.exe''
Received JVM installation metadata from 'C:\Program Files\Eclipse Adoptium\jdk-25.0.2.10-hotspot': {JAVA_HOME=C:\Program Files\Eclipse Adoptium\jdk-25.0.2.10-hotspot, JAVA_VERSION=25.0.2, JAVA_VENDOR=Eclipse Adoptium, RUNTIME_NAME=OpenJDK Runtime Environment, RUNTIME_VERSION=25.0.2+10-LTS, VM_NAME=OpenJDK 64-Bit Server VM, VM_VERSION=25.0.2+10-LTS, VM_VENDOR=Eclipse Adoptium, OS_ARCH=amd64}
Successfully started process 'command 'C:\Program Files\Java\jdk-11\bin\java.exe''
Received JVM installation metadata from 'C:\Program Files\Java\jdk-11': {JAVA_HOME=C:\Program Files\Java\jdk-11, JAVA_VERSION=11.0.28, JAVA_VENDOR=Oracle Corporation, RUNTIME_NAME=Java(TM) SE Runtime Environment, RUNTIME_VERSION=11.0.28+12-LTS-279, VM_NAME=Java HotSpot(TM) 64-Bit Server VM, VM_VERSION=11.0.28+12-LTS-279, VM_VENDOR=Oracle Corporation, OS_ARCH=amd64}
Starting process 'command 'C:\Program Files\Java\jdk-1.8\bin\java.exe''. Working directory: C:\Users\13779\.gradle\.tmp\tmp-jvm2804525295490669766probe Command: C:\Program Files\Java\jdk-1.8\bin\java.exe -Xmx32m -Xms32m -cp . JavaProbe
Successfully started process 'command 'E:\New Folder\bin\java.exe''
Successfully started process 'command 'C:\Program Files\Java\jdk-1.8\bin\java.exe''
Received JVM installation metadata from 'E:\New Folder': {JAVA_HOME=E:\New Folder, JAVA_VERSION=21, JAVA_VENDOR=Oracle Corporation, RUNTIME_NAME=Java(TM) SE Runtime Environment, RUNTIME_VERSION=21+35-LTS-2513, VM_NAME=Java HotSpot(TM) 64-Bit Server VM, VM_VERSION=21+35-LTS-2513, VM_VENDOR=Oracle Corporation, OS_ARCH=amd64}
Received JVM installation metadata from 'C:\Program Files\Java\jdk-17': {JAVA_HOME=C:\Program Files\Java\jdk-17, JAVA_VERSION=17.0.12, JAVA_VENDOR=Oracle Corporation, RUNTIME_NAME=Java(TM) SE Runtime Environment, RUNTIME_VERSION=17.0.12+8-LTS-286, VM_NAME=Java HotSpot(TM) 64-Bit Server VM, VM_VERSION=17.0.12+8-LTS-286, VM_VENDOR=Oracle Corporation, OS_ARCH=amd64}
Starting process 'command 'C:\Users\13779\.jdks\jbr-17.0.9\bin\java.exe''. Working directory: C:\Users\13779\.gradle\.tmp\tmp-jvm5737980123004339604probe Command: C:\Users\13779\.jdks\jbr-17.0.9\bin\java.exe -Xmx32m -Xms32m -cp . JavaProbe
Successfully started process 'command 'C:\Users\13779\.jdks\jbr-17.0.9\bin\java.exe''
Received JVM installation metadata from 'C:\Program Files\Java\jdk-1.8': {JAVA_HOME=C:\Program Files\Java\jdk-1.8\jre, JAVA_VERSION=1.8.0_461, JAVA_VENDOR=Oracle Corporation, RUNTIME_NAME=Java(TM) SE Runtime Environment, RUNTIME_VERSION=1.8.0_461-b11, VM_NAME=Java HotSpot(TM) 64-Bit Server VM, VM_VERSION=25.461-b11, VM_VENDOR=Oracle Corporation, OS_ARCH=amd64}
Received JVM installation metadata from 'C:\Users\13779\.jdks\jbr-17.0.9': {JAVA_HOME=C:\Users\13779\.jdks\jbr-17.0.9, JAVA_VERSION=17.0.9, JAVA_VENDOR=JetBrains s.r.o., RUNTIME_NAME=OpenJDK Runtime Environment, RUNTIME_VERSION=17.0.9+7-b1087.9, VM_NAME=OpenJDK 64-Bit Server VM, VM_VERSION=17.0.9+7-b1087.9, VM_VENDOR=JetBrains s.r.o., OS_ARCH=amd64}
Starting process 'Gradle build daemon'. Working directory: C:\Users\13779\.gradle\daemon\9.2.1 Command: E:\New Folder\bin\java.exe --add-opens=java.base/java.lang=ALL-UNNAMED --add-opens=java.base/java.lang.invoke=ALL-UNNAMED --add-opens=java.base/java.util=ALL-UNNAMED --add-opens=java.prefs/java.util.prefs=ALL-UNNAMED --add-exports=jdk.compiler/com.sun.tools.javac.api=ALL-UNNAMED --add-exports=jdk.compiler/com.sun.tools.javac.util=ALL-UNNAMED --add-opens=java.base/java.util=ALL-UNNAMED --add-opens=java.prefs/java.util.prefs=ALL-UNNAMED --add-opens=java.base/java.nio.charset=ALL-UNNAMED --add-opens=java.base/java.net=ALL-UNNAMED --add-opens=java.base/java.util.concurrent=ALL-UNNAMED --add-opens=java.base/java.util.concurrent.atomic=ALL-UNNAMED --add-opens=java.xml/javax.xml.namespace=ALL-UNNAMED --add-opens=java.base/java.time=ALL-UNNAMED -Xmx2048m -Dfile.encoding=UTF-8 -Duser.country=CA -Duser.language=en -Duser.variant -cp C:\Users\13779\.gradle\wrapper\dists\gradle-9.2.1-bin\2t0n5ozlw9xmuyvbp7dnzaxug\gradle-9.2.1\lib\gradle-daemon-main-9.2.1.jar -javaagent:C:\Users\13779\.gradle\wrapper\dists\gradle-9.2.1-bin\2t0n5ozlw9xmuyvbp7dnzaxug\gradle-9.2.1\lib\agents\gradle-instrumentation-agent-9.2.1.jar org.gradle.launcher.daemon.bootstrap.GradleDaemon 9.2.1
Successfully started process 'Gradle build daemon'
An attempt to start the daemon took 1.245 secs.
The client will now receive all logging from the daemon (pid: 28712). The daemon log file: C:\Users\13779\.gradle\daemon\9.2.1\daemon-28712.out.log
Starting build in new daemon [memory: 2 GiB]
Using 16 worker leases.
Operational build model parameters: {requiresToolingModels=false, parallelProjectExecution=false, configureOnDemand=false, configurationCache=false, configurationCacheParallelStore=false, configurationCacheParallelLoad=true, isolatedProjects=false, parallelProjectConfiguration=false, intermediateModelCache=false, parallelToolingApiActions=false, invalidateCoupledProjects=false, modelAsProjectDependency=false, resilientModelBuilding=false}
Received JVM installation metadata from 'E:\New Folder': {JAVA_HOME=E:\New Folder, JAVA_VERSION=21, JAVA_VENDOR=Oracle Corporation, RUNTIME_NAME=Java(TM) SE Runtime Environment, RUNTIME_VERSION=21+35-LTS-2513, VM_NAME=Java HotSpot(TM) 64-Bit Server VM, VM_VERSION=21+35-LTS-2513, VM_VENDOR=Oracle Corporation, OS_ARCH=amd64}
Watching the file system is configured to be enabled if available
Now considering [C:\Users\13779\Desktop\cattarven] as hierarchies to watch
File system watching is active
Starting Build
Resolved plugin [id: 'org.gradle.toolchains.foojay-resolver-convention', version: '1.0.0']
Settings evaluated using settings file 'C:\Users\13779\Desktop\cattarven\settings.gradle.kts'.
Projects loaded. Root project using build file 'C:\Users\13779\Desktop\cattarven\build.gradle.kts'.
Included projects: [root project 'cat-tarven', project ':app']

> Configure project :
Evaluating root project 'cat-tarven' using build file 'C:\Users\13779\Desktop\cattarven\build.gradle.kts'.
Resolved plugin [id: 'com.android.application', version: '9.0.1', apply: false]
Resolved plugin [id: 'org.jetbrains.kotlin.plugin.compose', version: '2.0.21', apply: false]

> Configure project :app
Evaluating project ':app' using build file 'C:\Users\13779\Desktop\cattarven\app\build.gradle.kts'.
Resolved plugin [id: 'com.android.application', version: '9.0.1']
Resolved plugin [id: 'org.jetbrains.kotlin.plugin.compose', version: '2.0.21']
Build ed3f2b84-e32f-424e-bed9-f41a52262470 is started
Using default execution profile
Detected Android Gradle Plugin compose compiler configuration
Detected Android Gradle Plugin compose compiler configuration
Detected Android Gradle Plugin compose compiler configuration
Detected Android Gradle Plugin compose compiler configuration
All projects evaluated.
Task name matched 'testDebugUnitTest'
Selected primary task 'testDebugUnitTest' from project :
Adding -Xuse-inline-scopes-numbers Kotlin compiler flag for task :app:compileDebugKotlin
Tasks to be executed: [task ':app:preBuild', task ':app:preDebugBuild', task ':app:generateDebugResources', task ':app:packageDebugResources', task ':app:processDebugNavigationResources', task ':app:parseDebugLocalResources', task ':app:generateDebugRFile', task ':app:compileDebugKotlin', task ':app:javaPreCompileDebug', task ':app:compileDebugJavaWithJavac', task ':app:checkDebugAarMetadata', task ':app:compileDebugNavigationResources', task ':app:mapDebugSourceSetPaths', task ':app:mergeDebugResources', task ':app:createDebugCompatibleScreenManifests', task ':app:extractDeepLinksDebug', task ':app:processDebugMainManifest', task ':app:processDebugManifest', task ':app:processDebugManifestForPackage', task ':app:processDebugResources', task ':app:bundleDebugClassesToRuntimeJar', task ':app:bundleDebugClassesToCompileJar', task ':app:preDebugUnitTestBuild', task ':app:compileDebugUnitTestKotlin', task ':app:javaPreCompileDebugUnitTest', task ':app:compileDebugUnitTestJavaWithJavac', task ':app:processDebugJavaRes', task ':app:processDebugUnitTestJavaRes', task ':app:testDebugUnitTest']
Tasks that were excluded: []
Resolve mutations for :app:preBuild (Thread[#118,Execution worker,5,main]) started.
:app:preBuild (Thread[#118,Execution worker,5,main]) started.

> Task :app:preBuild UP-TO-DATE
Skipping task ':app:preBuild' as it has no actions.
Resolve mutations for :app:preDebugBuild (Thread[#117,included builds,5,main]) started.
:app:preDebugBuild (Thread[#117,included builds,5,main]) started.

> Task :app:preDebugBuild UP-TO-DATE
Skipping task ':app:preDebugBuild' as it has no actions.
Resolve mutations for :app:generateDebugResources (Thread[#117,included builds,5,main]) started.
:app:generateDebugResources (Thread[#117,included builds,5,main]) started.

> Task :app:generateDebugResources UP-TO-DATE
Caching disabled for task ':app:generateDebugResources' because:
  Build cache is disabled
Skipping task ':app:generateDebugResources' as it is up-to-date.
Resolve mutations for :app:packageDebugResources (Thread[#117,included builds,5,main]) started.
:app:packageDebugResources (Thread[#117,included builds,5,main]) started.

> Task :app:packageDebugResources UP-TO-DATE
Caching disabled for task ':app:packageDebugResources' because:
  Build cache is disabled
Skipping task ':app:packageDebugResources' as it is up-to-date.
Resolve mutations for :app:processDebugNavigationResources (Thread[#117,included builds,5,main]) started.
:app:processDebugNavigationResources (Thread[#117,included builds,5,main]) started.

> Task :app:processDebugNavigationResources UP-TO-DATE
Caching disabled for task ':app:processDebugNavigationResources' because:
  Build cache is disabled
Skipping task ':app:processDebugNavigationResources' as it is up-to-date.
Resolve mutations for :app:parseDebugLocalResources (Thread[#117,included builds,5,main]) started.
:app:parseDebugLocalResources (Thread[#117,included builds,5,main]) started.

> Task :app:parseDebugLocalResources UP-TO-DATE
Caching disabled for task ':app:parseDebugLocalResources' because:
  Build cache is disabled
Skipping task ':app:parseDebugLocalResources' as it is up-to-date.
Resolve mutations for :app:generateDebugRFile (Thread[#117,included builds,5,main]) started.
:app:generateDebugRFile (Thread[#117,included builds,5,main]) started.

> Task :app:generateDebugRFile UP-TO-DATE
Caching disabled for task ':app:generateDebugRFile' because:
  Build cache is disabled
Skipping task ':app:generateDebugRFile' as it is up-to-date.
Resolve mutations for :app:compileDebugKotlin (Thread[#131,Execution worker Thread 14,5,main]) started.
:app:compileDebugKotlin (Thread[#117,included builds,5,main]) started.

> Task :app:compileDebugKotlin UP-TO-DATE
file or directory 'C:\Users\13779\Desktop\cattarven\app\src\main\kotlin', not found
file or directory 'C:\Users\13779\Desktop\cattarven\app\src\debug\java', not found
file or directory 'C:\Users\13779\Desktop\cattarven\app\src\debug\kotlin', not found
file or directory 'C:\Users\13779\Desktop\cattarven\app\src\debug\java', not found
file or directory 'C:\Users\13779\Desktop\cattarven\app\src\main\kotlin', not found
file or directory 'C:\Users\13779\Desktop\cattarven\app\src\debug\java', not found
file or directory 'C:\Users\13779\Desktop\cattarven\app\src\debug\kotlin', not found
file or directory 'C:\Users\13779\Desktop\cattarven\app\src\debug\java', not found
file or directory 'C:\Users\13779\Desktop\cattarven\app\src\main\kotlin', not found
file or directory 'C:\Users\13779\Desktop\cattarven\app\src\debug\java', not found
file or directory 'C:\Users\13779\Desktop\cattarven\app\src\debug\kotlin', not found
file or directory 'C:\Users\13779\Desktop\cattarven\app\src\debug\java', not found
Custom actions are attached to task ':app:compileDebugKotlin'.
Caching disabled for task ':app:compileDebugKotlin' because:
  Build cache is disabled
Skipping task ':app:compileDebugKotlin' as it is up-to-date.
Resolve mutations for :app:javaPreCompileDebug (Thread[#117,included builds,5,main]) started.
:app:javaPreCompileDebug (Thread[#117,included builds,5,main]) started.

> Task :app:javaPreCompileDebug UP-TO-DATE
Caching disabled for task ':app:javaPreCompileDebug' because:
  Build cache is disabled
Skipping task ':app:javaPreCompileDebug' as it is up-to-date.
Resolve mutations for :app:compileDebugJavaWithJavac (Thread[#117,included builds,5,main]) started.
:app:compileDebugJavaWithJavac (Thread[#117,included builds,5,main]) started.

> Task :app:compileDebugJavaWithJavac NO-SOURCE
Skipping task ':app:compileDebugJavaWithJavac' as it has no source files and no previous output files.
Resolve mutations for :app:checkDebugAarMetadata (Thread[#117,included builds,5,main]) started.
:app:checkDebugAarMetadata (Thread[#117,included builds,5,main]) started.

> Task :app:checkDebugAarMetadata UP-TO-DATE
Caching disabled for task ':app:checkDebugAarMetadata' because:
  Build cache is disabled
  Caching has been disabled for the task
Skipping task ':app:checkDebugAarMetadata' as it is up-to-date.
Resolve mutations for :app:compileDebugNavigationResources (Thread[#117,included builds,5,main]) started.
:app:compileDebugNavigationResources (Thread[#117,included builds,5,main]) started.

> Task :app:compileDebugNavigationResources UP-TO-DATE
Caching disabled for task ':app:compileDebugNavigationResources' because:
  Build cache is disabled
Skipping task ':app:compileDebugNavigationResources' as it is up-to-date.
Resolve mutations for :app:mapDebugSourceSetPaths (Thread[#117,included builds,5,main]) started.
:app:mapDebugSourceSetPaths (Thread[#117,included builds,5,main]) started.

> Task :app:mapDebugSourceSetPaths UP-TO-DATE
Caching disabled for task ':app:mapDebugSourceSetPaths' because:
  Build cache is disabled
  Caching has been disabled for the task
Skipping task ':app:mapDebugSourceSetPaths' as it is up-to-date.
Resolve mutations for :app:mergeDebugResources (Thread[#117,included builds,5,main]) started.
:app:mergeDebugResources (Thread[#117,included builds,5,main]) started.

> Task :app:mergeDebugResources UP-TO-DATE
Caching disabled for task ':app:mergeDebugResources' because:
  Build cache is disabled
Skipping task ':app:mergeDebugResources' as it is up-to-date.
Resolve mutations for :app:createDebugCompatibleScreenManifests (Thread[#117,included builds,5,main]) started.
:app:createDebugCompatibleScreenManifests (Thread[#117,included builds,5,main]) started.

> Task :app:createDebugCompatibleScreenManifests UP-TO-DATE
Caching disabled for task ':app:createDebugCompatibleScreenManifests' because:
  Build cache is disabled
  Caching has been disabled for the task
Skipping task ':app:createDebugCompatibleScreenManifests' as it is up-to-date.
Resolve mutations for :app:extractDeepLinksDebug (Thread[#117,included builds,5,main]) started.
:app:extractDeepLinksDebug (Thread[#117,included builds,5,main]) started.

> Task :app:extractDeepLinksDebug UP-TO-DATE
Caching disabled for task ':app:extractDeepLinksDebug' because:
  Build cache is disabled
Skipping task ':app:extractDeepLinksDebug' as it is up-to-date.
Resolve mutations for :app:processDebugMainManifest (Thread[#117,included builds,5,main]) started.
:app:processDebugMainManifest (Thread[#117,included builds,5,main]) started.

> Task :app:processDebugMainManifest UP-TO-DATE
Caching disabled for task ':app:processDebugMainManifest' because:
  Build cache is disabled
Skipping task ':app:processDebugMainManifest' as it is up-to-date.
Resolve mutations for :app:processDebugManifest (Thread[#117,included builds,5,main]) started.
:app:processDebugManifest (Thread[#117,included builds,5,main]) started.

> Task :app:processDebugManifest UP-TO-DATE
Caching disabled for task ':app:processDebugManifest' because:
  Build cache is disabled
Skipping task ':app:processDebugManifest' as it is up-to-date.
Resolve mutations for :app:processDebugManifestForPackage (Thread[#117,included builds,5,main]) started.
:app:processDebugManifestForPackage (Thread[#117,included builds,5,main]) started.

> Task :app:processDebugManifestForPackage UP-TO-DATE
Custom actions are attached to task ':app:processDebugManifestForPackage'.
Caching disabled for task ':app:processDebugManifestForPackage' because:
  Build cache is disabled
Skipping task ':app:processDebugManifestForPackage' as it is up-to-date.
Resolve mutations for :app:processDebugResources (Thread[#117,included builds,5,main]) started.
:app:processDebugResources (Thread[#117,included builds,5,main]) started.

> Task :app:processDebugResources UP-TO-DATE
Caching disabled for task ':app:processDebugResources' because:
  Build cache is disabled
Skipping task ':app:processDebugResources' as it is up-to-date.
Resolve mutations for :app:bundleDebugClassesToRuntimeJar (Thread[#117,included builds,5,main]) started.
:app:bundleDebugClassesToRuntimeJar (Thread[#117,included builds,5,main]) started.

> Task :app:bundleDebugClassesToRuntimeJar UP-TO-DATE
Caching disabled for task ':app:bundleDebugClassesToRuntimeJar' because:
  Build cache is disabled
  Caching has been disabled for the task
Skipping task ':app:bundleDebugClassesToRuntimeJar' as it is up-to-date.
work action resolve classes.jar (project :app) (Thread[#127,Execution worker Thread 10,5,main]) started.
Resolve mutations for :app:bundleDebugClassesToCompileJar (Thread[#127,Execution worker Thread 10,5,main]) started.
:app:bundleDebugClassesToCompileJar (Thread[#127,Execution worker Thread 10,5,main]) started.

> Task :app:bundleDebugClassesToCompileJar UP-TO-DATE
Caching disabled for task ':app:bundleDebugClassesToCompileJar' because:
  Build cache is disabled
  Caching has been disabled for the task
Skipping task ':app:bundleDebugClassesToCompileJar' as it is up-to-date.
work action resolve classes.jar (project :app) (Thread[#117,included builds,5,main]) started.
Resolve mutations for :app:preDebugUnitTestBuild (Thread[#117,included builds,5,main]) started.
:app:preDebugUnitTestBuild (Thread[#117,included builds,5,main]) started.

> Task :app:preDebugUnitTestBuild UP-TO-DATE
Skipping task ':app:preDebugUnitTestBuild' as it has no actions.
Resolve mutations for :app:compileDebugUnitTestKotlin (Thread[#132,Execution worker Thread 15,5,main]) started.
:app:compileDebugUnitTestKotlin (Thread[#132,Execution worker Thread 15,5,main]) started.

> Task :app:compileDebugUnitTestKotlin UP-TO-DATE
file or directory 'C:\Users\13779\Desktop\cattarven\app\src\test\kotlin', not found
file or directory 'C:\Users\13779\Desktop\cattarven\app\src\testDebug\java', not found
file or directory 'C:\Users\13779\Desktop\cattarven\app\src\testDebug\kotlin', not found
file or directory 'C:\Users\13779\Desktop\cattarven\app\src\testDebug\java', not found
file or directory 'C:\Users\13779\Desktop\cattarven\app\src\test\kotlin', not found
file or directory 'C:\Users\13779\Desktop\cattarven\app\src\testDebug\java', not found
file or directory 'C:\Users\13779\Desktop\cattarven\app\src\testDebug\kotlin', not found
file or directory 'C:\Users\13779\Desktop\cattarven\app\src\testDebug\java', not found
file or directory 'C:\Users\13779\Desktop\cattarven\app\src\test\kotlin', not found
file or directory 'C:\Users\13779\Desktop\cattarven\app\src\testDebug\java', not found
file or directory 'C:\Users\13779\Desktop\cattarven\app\src\testDebug\kotlin', not found
file or directory 'C:\Users\13779\Desktop\cattarven\app\src\testDebug\java', not found
Custom actions are attached to task ':app:compileDebugUnitTestKotlin'.
Caching disabled for task ':app:compileDebugUnitTestKotlin' because:
  Build cache is disabled
Skipping task ':app:compileDebugUnitTestKotlin' as it is up-to-date.
Resolve mutations for :app:javaPreCompileDebugUnitTest (Thread[#132,Execution worker Thread 15,5,main]) started.
:app:javaPreCompileDebugUnitTest (Thread[#132,Execution worker Thread 15,5,main]) started.

> Task :app:javaPreCompileDebugUnitTest UP-TO-DATE
Caching disabled for task ':app:javaPreCompileDebugUnitTest' because:
  Build cache is disabled
Skipping task ':app:javaPreCompileDebugUnitTest' as it is up-to-date.
Resolve mutations for :app:compileDebugUnitTestJavaWithJavac (Thread[#132,Execution worker Thread 15,5,main]) started.
:app:compileDebugUnitTestJavaWithJavac (Thread[#117,included builds,5,main]) started.

> Task :app:compileDebugUnitTestJavaWithJavac NO-SOURCE
Skipping task ':app:compileDebugUnitTestJavaWithJavac' as it has no source files and no previous output files.
Resolve mutations for :app:processDebugJavaRes (Thread[#117,included builds,5,main]) started.
:app:processDebugJavaRes (Thread[#117,included builds,5,main]) started.

> Task :app:processDebugJavaRes UP-TO-DATE
file or directory 'C:\Users\13779\Desktop\cattarven\app\src\main\resources', not found
file or directory 'C:\Users\13779\Desktop\cattarven\app\src\debug\resources', not found
Caching disabled for task ':app:processDebugJavaRes' because:
  Build cache is disabled
  Caching has been disabled for the task
Skipping task ':app:processDebugJavaRes' as it is up-to-date.
work action resolve out (project :app) (Thread[#117,included builds,5,main]) started.
Resolve mutations for :app:processDebugUnitTestJavaRes (Thread[#117,included builds,5,main]) started.
:app:processDebugUnitTestJavaRes (Thread[#130,Execution worker Thread 13,5,main]) started.

> Task :app:processDebugUnitTestJavaRes UP-TO-DATE
file or directory 'C:\Users\13779\Desktop\cattarven\app\src\test\resources', not found
file or directory 'C:\Users\13779\Desktop\cattarven\app\src\testDebug\resources', not found
Caching disabled for task ':app:processDebugUnitTestJavaRes' because:
  Build cache is disabled
  Caching has been disabled for the task
Skipping task ':app:processDebugUnitTestJavaRes' as it is up-to-date.
Resolve mutations for :app:testDebugUnitTest (Thread[#130,Execution worker Thread 13,5,main]) started.
:app:testDebugUnitTest (Thread[#117,included builds,5,main]) started.

> Task :app:testDebugUnitTest UP-TO-DATE
Caching disabled for task ':app:testDebugUnitTest' because:
  Build cache is disabled
Skipping task ':app:testDebugUnitTest' as it is up-to-date.
Build ed3f2b84-e32f-424e-bed9-f41a52262470 is closed

BUILD SUCCESSFUL in 18s
24 actionable tasks: 24 up-to-date
Watched directory hierarchies: [C:\Users\13779\Desktop\cattarven]
Consider enabling configuration cache to speed up this build: https://docs.gradle.org/9.2.1/userguide/configuration_cache_enabling.html
